// Jest Snapshot v1, https://goo.gl/fbAQLP

exports[`AnBar component renders correctly 1`] = `
<View>
  <View
    style={
      Object {
        "alignSelf": "center",
      }
    }
  >
    <RNAdMob
      adUnitID="ca-app-pub-7409231048157456/8013801446"
      bannerSize="banner"
      onDidFailToReceiveAdWithError={[Function]}
      onSizeChange={[Function]}
      style={Object {}}
    />
  </View>
</View>
`;
