// Jest Snapshot v1, https://goo.gl/fbAQLP

exports[`Counter component renders correctly 1`] = `
<View
  style={
    Object {
      "alignItems": "center",
      "flex": 1,
    }
  }
>
  <Text
    accessible={true}
    allowFontScaling={false}
    ellipsizeMode="tail"
    style={
      Array [
        Object {
          "color": "skyblue",
          "fontSize": 30,
          "textAlign": "center",
        },
        Object {
          "textShadowColor": "rgba(255, 255, 255, 2)",
          "textShadowOffset": Object {
            "height": 1,
            "width": 1,
          },
          "textShadowRadius": 20,
        },
        Object {
          "paddingBottom": 25,
          "paddingTop": 25,
          "textAlign": "center",
        },
      ]
    }
  >
    You will be
     
    <Text
      accessible={true}
      allowFontScaling={true}
      ellipsizeMode="tail"
    >
      0
    </Text>
     
    years old in
  </Text>
  <View
    style={
      Object {
        "flex": 1,
        "justifyContent": "center",
      }
    }
  >
    <View
      style={
        Object {
          "alignItems": "center",
          "backgroundColor": "skyblue",
          "borderRadius": 350,
          "height": 700,
          "justifyContent": "center",
          "width": 700,
        }
      }
    >
      <Text
        accessible={true}
        allowFontScaling={false}
        ellipsizeMode="tail"
        style={
          Object {
            "color": "white",
            "fontSize": 30,
            "textAlign": "center",
          }
        }
      >
        Please, swipe right to select your birthdate
      </Text>
    </View>
  </View>
  <View
    style={
      Object {
        "alignContent": "center",
        "alignItems": "center",
        "flexDirection": "row",
        "justifyContent": "center",
        "paddingBottom": 15,
      }
    }
  >
    <RCTSwitch
      disabled={false}
      onChange={[Function]}
      onResponderTerminationRequest={[Function]}
      onStartShouldSetResponder={[Function]}
      onValueChange={[Function]}
      style={
        Array [
          Object {
            "height": 31,
            "width": 51,
          },
          undefined,
        ]
      }
      value={false}
    />
    <Text
      accessible={true}
      allowFontScaling={true}
      ellipsizeMode="tail"
      style={
        Object {
          "color": "skyblue",
          "fontSize": 15,
          "paddingLeft": 15,
        }
      }
    >
      do not dim
    </Text>
  </View>
</View>
`;
